[localhost/wordpress/index.html]
[backblue.gif]
[fade.gif]
[index.html]
[localhost/wordpress/wp-content/themes/Divi/includes/builder/styles/images/preloader.gif]
[localhost/wordpress/wp-content/themes/Divi/core/admin/fonts/modules/all/modules.eot]
[localhost/wordpress/feed/index.html]
[localhost/wordpress/wp-content/et-cache/20/et-divi-dynamic-tb-56-tb-69-205666.css]
[localhost/wordpress/comments/feed/index.html]
[localhost/wordpress/wp-json/wp/v2/pages/20.json]
[localhost/wordpress/wp-json/index.html]
[localhost/wordpress/xmlrpc0db0.php]
[localhost/wordpress/wp-json/oembed/1.0/embed68f4.json]
[localhost/wordpress/wp-json/oembed/1.0/embedd248]
[localhost/wordpress/wp-content/uploads/2022/03/Crypto_Illustration_07-1.png]
[localhost/wordpress/wp-content/et-cache/20/et-core-unified-tb-56-tb-69-deferred-20.minbfdb.css]
[localhost/wordpress/wp-content/uploads/2022/03/Logo-2-5.png]
[localhost/wordpress/wp-content/uploads/2022/03/crypto-bg-02.png]
[localhost/wordpress/wp-content/uploads/2022/03/Crypto_Icon_13-1.png]
[localhost/wordpress/about-us/index.html]
[localhost/wordpress/wp-content/uploads/2022/03/Crypto_Icon_15.png]
[localhost/wordpress/what-we-offer/index.html]
[localhost/wordpress/wp-content/uploads/2022/03/Crypto_Icon_14.png]
[localhost/wordpress/wp-content/uploads/2022/03/crypto_illustration_19.png]
[localhost/wordpress/wp-content/uploads/2022/03/portrait-square-07.jpg]
[localhost/wordpress/wp-content/uploads/2022/03/crypto_illustration_05-1.png]
[localhost/wordpress/wp-includes/js/jquery/jquery-migrate.mind617.js]
[localhost/wordpress/wp-includes/js/jquery/jquery.minaf6c.js]
[localhost/wordpress/wp-content/themes/Divi/includes/builder/feature/dynamic-assets/assets/js/hashchange3c93.js]
[localhost/wordpress/wp-content/themes/Divi/includes/builder/feature/dynamic-assets/assets/js/easypiechart3c93.js]
[localhost/wordpress/wp-content/themes/Divi/core/admin/js/common3c93.js]
[localhost/wordpress/index.html]
[localhost/wordpress/xmlrpc.php]
[localhost/wordpress/wp-content/themes/Divi/includes/builder/styles/images/subscribe-loader.gif]
[localhost/wordpress/wp-content/et-cache/20/et-divi-dynamic-tb-56-tb-69-205666.css]
[localhost/wordpress/wp-content/uploads/2022/03/crypto-bg-04.png]
[localhost/wordpress/wp-content/et-cache/20/et-core-unified-tb-56-tb-69-deferred-20.minbfdb.css]
[localhost/wordpress/wp-content/et-cache/27/et-divi-dynamic-tb-56-tb-69-27c60a.css]
[localhost/wordpress/wp-json/wp/v2/pages/27.json]
[localhost/wordpress/wp-json/oembed/1.0/embed10e1.json]
[localhost/wordpress/wp-json/oembed/1.0/embed408f]
[localhost/wordpress/wp-content/uploads/2022/03/crypto_illustration_11.png]
[localhost/wordpress/wp-content/uploads/2022/03/Crypto_Illustration_03-1.png]
[localhost/wordpress/wp-content/uploads/2022/03/Crypto_Illustration_05.png]
[localhost/wordpress/wp-content/themes/Divi/js/scripts.min3c93.js]
[localhost/wordpress/wp-content/uploads/2022/03/Crypto_Illustration_14.png]
[localhost/wordpress/wp-content/uploads/2022/03/logo_01-1.png]
[localhost/wordpress/wp-content/uploads/2022/03/logo_02.png]
[localhost/wordpress/wp-content/uploads/2022/03/logo_03.png]
[localhost/wordpress/wp-content/uploads/2022/03/logo_04.png]
[localhost/wordpress/wp-content/uploads/2022/03/logo_05.png]
[localhost/wordpress/wp-content/uploads/2022/03/logo_06.png]
[localhost/wordpress/wp-content/uploads/2022/03/logo_07.png]
[localhost/wordpress/wp-content/uploads/2022/03/logo_08.png]
[localhost/wordpress/wp-content/uploads/2022/03/crypto-bg-03-1.png]
[localhost/wordpress/wp-content/uploads/2022/03/IMG-5815-1024x1024-1.jpg]
[localhost/wordpress/about-us/index.html]
[localhost/wordpress/wp-content/et-cache/7/et-divi-dynamic-tb-56-tb-69-7c962.css]
[localhost/wordpress/wp-json/wp/v2/pages/7.json]
[localhost/wordpress/wp-json/oembed/1.0/embed5d19.json]
[localhost/wordpress/wp-json/oembed/1.0/embedfb78]
[localhost/wordpress/wp-content/et-cache/7/et-core-unified-tb-56-tb-69-deferred-7.min61d1.css]
[localhost/wordpress/wp-content/uploads/2022/03/Crypto_Illustration_01.png]
[localhost/wordpress/wp-content/uploads/2022/03/crypto_illustration_18.png]
[localhost/wordpress/what-we-offer/index.html]
[localhost/wordpress/wp-content/et-cache/27/et-divi-dynamic-tb-56-tb-69-27c60a.css]
[localhost/wordpress/index1c4a.html]
[localhost/wordpress/wp-content/et-cache/7/et-divi-dynamic-tb-56-tb-69-7c962.css]
[localhost/wordpress/indexc4f7.html]
[localhost/wordpress/wp-content/et-cache/7/et-core-unified-tb-56-tb-69-deferred-7.min61d1.css]
